Please enter your height in inches: 
ERROR: Invalid input.  Please try again
Please enter your height in inches: 