Enter 1 to use Imperial units
Enter 2 to use Metric units

Please enter a selection: 
ERROR: Invalid input.  Please try again
Enter 1 to use Imperial units
Enter 2 to use Metric units

Please enter a selection: 
