Enter 1 to use Imperial units (in,lbs)
Enter 2 to use Metric units (cm,kg)

Please enter a selection: 
Using Metric units...
