Please enter your weight in kilograms: 
ERROR: Invalid input.  Please try again
Please enter your weight in kilograms: 