Please enter your weight in pounds: 
ERROR: Invalid input.  Please try again
Please enter your weight in pounds: 