Enter "Y" to stay on this screen, or anything else to return: 