Enter a distance in miles: You entered: 0.001 miles
