Enter a distance in miles: You entered: 26.2 miles
