Enter a distance in miles: You entered: 1.7976931348623155E308 miles
