Enter a distance in miles: 
ERROR: Invalid input.  Please try again
Enter a distance in miles: 