Enter a pace in [MM:SS]: 
ERROR: Invalid input.  Please try again
Enter a pace in [MM:SS]: 
