PACE CALCULATOR

This will allow you to calculate pace, distance, or time

