What would you like to calculate?
D: Distance
T: Time
P: Pace

Please enter a letter: 

ERROR: Invalid input.  Please try again
What would you like to calculate?
D: Distance
T: Time
P: Pace

Please enter a letter: 

ERROR: Invalid input.  Please try again
What would you like to calculate?
D: Distance
T: Time
P: Pace

Please enter a letter: 

ERROR: Invalid input.  Please try again
What would you like to calculate?
D: Distance
T: Time
P: Pace

Please enter a letter: 
Calculating Distance...

