Enter a time in [HH:MM:SS]: You entered: 99:59:59
