Enter a number to select: 
ERROR: Invalid input.  Please try again
Enter a number to select: 
Launching Nutrition Log...