Enter a number to select: 
Launching Split Calculator...
