Enter a number to select: 
Launching BMI Calculator...
