Enter a name for your recipe: Entered name: ijb358HFINSAwfjownek

