Enter the number of servings: Number of servings: 1

